Analysis & Synthesis report for ELEC2665S2Project
Wed May 14 02:08:08 2025
Quartus Prime Version 17.1.0 Build 590 10/25/2017 SJ Lite Edition


---------------------
; Table of Contents ;
---------------------
  1. Legal Notice
  2. Analysis & Synthesis Summary
  3. Analysis & Synthesis Settings
  4. Parallel Compilation
  5. Analysis & Synthesis Source Files Read
  6. Analysis & Synthesis Resource Usage Summary
  7. Analysis & Synthesis Resource Utilization by Entity
  8. Registers Removed During Synthesis
  9. General Register Statistics
 10. Multiplexer Restructuring Statistics (Restructuring Performed)
 11. Parameter Settings for User Entity Instance: TimerCoreLogic:u_timer
 12. Port Connectivity Checks: "TimerCoreLogic:u_timer"
 13. Post-Synthesis Netlist Statistics for Top Partition
 14. Elapsed Time Per Partition
 15. Analysis & Synthesis Messages



----------------
; Legal Notice ;
----------------
Copyright (C) 2017  Intel Corporation. All rights reserved.
Your use of Intel Corporation's design tools, logic functions 
and other software and tools, and its AMPP partner logic 
functions, and any output files from any of the foregoing 
(including device programming or simulation files), and any 
associated documentation or information are expressly subject 
to the terms and conditions of the Intel Program License 
Subscription Agreement, the Intel Quartus Prime License Agreement,
the Intel FPGA IP License Agreement, or other applicable license
agreement, including, without limitation, that your use is for
the sole purpose of programming logic devices manufactured by
Intel and sold by Intel or its authorized distributors.  Please
refer to the applicable agreement for further details.



+----------------------------------------------------------------------------------+
; Analysis & Synthesis Summary                                                     ;
+------------------------------------+---------------------------------------------+
; Analysis & Synthesis Status        ; Successful - Wed May 14 02:08:08 2025       ;
; Quartus Prime Version              ; 17.1.0 Build 590 10/25/2017 SJ Lite Edition ;
; Revision Name                      ; ELEC2665S2Project                           ;
; Top-level Entity Name              ; MainCode                                    ;
; Family                             ; MAX 10                                      ;
; Total logic elements               ; 231                                         ;
;     Total combinational functions  ; 231                                         ;
;     Dedicated logic registers      ; 61                                          ;
; Total registers                    ; 61                                          ;
; Total pins                         ; 33                                          ;
; Total virtual pins                 ; 0                                           ;
; Total memory bits                  ; 0                                           ;
; Embedded Multiplier 9-bit elements ; 0                                           ;
; Total PLLs                         ; 0                                           ;
; UFM blocks                         ; 0                                           ;
; ADC blocks                         ; 0                                           ;
+------------------------------------+---------------------------------------------+


+----------------------------------------------------------------------------------------------------------------------+
; Analysis & Synthesis Settings                                                                                        ;
+----------------------------------------------------------------------------+--------------------+--------------------+
; Option                                                                     ; Setting            ; Default Value      ;
+----------------------------------------------------------------------------+--------------------+--------------------+
; Device                                                                     ; 10M50DAF484C7G     ;                    ;
; Top-level entity name                                                      ; MainCode           ; ELEC2665S2Project  ;
; Family name                                                                ; MAX 10             ; Cyclone V          ;
; Use smart compilation                                                      ; Off                ; Off                ;
; Enable parallel Assembler and TimeQuest Timing Analyzer during compilation ; On                 ; On                 ;
; Enable compact report table                                                ; Off                ; Off                ;
; Restructure Multiplexers                                                   ; Auto               ; Auto               ;
; Create Debugging Nodes for IP Cores                                        ; Off                ; Off                ;
; Preserve fewer node names                                                  ; On                 ; On                 ;
; Intel FPGA IP Evaluation Mode                                              ; Enable             ; Enable             ;
; Verilog Version                                                            ; Verilog_2001       ; Verilog_2001       ;
; VHDL Version                                                               ; VHDL_1993          ; VHDL_1993          ;
; State Machine Processing                                                   ; Auto               ; Auto               ;
; Safe State Machine                                                         ; Off                ; Off                ;
; Extract Verilog State Machines                                             ; On                 ; On                 ;
; Extract VHDL State Machines                                                ; On                 ; On                 ;
; Ignore Verilog initial constructs                                          ; Off                ; Off                ;
; Iteration limit for constant Verilog loops                                 ; 5000               ; 5000               ;
; Iteration limit for non-constant Verilog loops                             ; 250                ; 250                ;
; Add Pass-Through Logic to Inferred RAMs                                    ; On                 ; On                 ;
; Infer RAMs from Raw Logic                                                  ; On                 ; On                 ;
; Parallel Synthesis                                                         ; On                 ; On                 ;
; DSP Block Balancing                                                        ; Auto               ; Auto               ;
; NOT Gate Push-Back                                                         ; On                 ; On                 ;
; Power-Up Don't Care                                                        ; On                 ; On                 ;
; Remove Redundant Logic Cells                                               ; Off                ; Off                ;
; Remove Duplicate Registers                                                 ; On                 ; On                 ;
; Ignore CARRY Buffers                                                       ; Off                ; Off                ;
; Ignore CASCADE Buffers                                                     ; Off                ; Off                ;
; Ignore GLOBAL Buffers                                                      ; Off                ; Off                ;
; Ignore ROW GLOBAL Buffers                                                  ; Off                ; Off                ;
; Ignore LCELL Buffers                                                       ; Off                ; Off                ;
; Ignore SOFT Buffers                                                        ; On                 ; On                 ;
; Limit AHDL Integers to 32 Bits                                             ; Off                ; Off                ;
; Optimization Technique                                                     ; Balanced           ; Balanced           ;
; Carry Chain Length                                                         ; 70                 ; 70                 ;
; Auto Carry Chains                                                          ; On                 ; On                 ;
; Auto Open-Drain Pins                                                       ; On                 ; On                 ;
; Perform WYSIWYG Primitive Resynthesis                                      ; Off                ; Off                ;
; Auto ROM Replacement                                                       ; On                 ; On                 ;
; Auto RAM Replacement                                                       ; On                 ; On                 ;
; Auto DSP Block Replacement                                                 ; On                 ; On                 ;
; Auto Shift Register Replacement                                            ; Auto               ; Auto               ;
; Allow Shift Register Merging across Hierarchies                            ; Auto               ; Auto               ;
; Auto Clock Enable Replacement                                              ; On                 ; On                 ;
; Strict RAM Replacement                                                     ; Off                ; Off                ;
; Allow Synchronous Control Signals                                          ; On                 ; On                 ;
; Force Use of Synchronous Clear Signals                                     ; Off                ; Off                ;
; Auto RAM Block Balancing                                                   ; On                 ; On                 ;
; Auto RAM to Logic Cell Conversion                                          ; Off                ; Off                ;
; Auto Resource Sharing                                                      ; Off                ; Off                ;
; Allow Any RAM Size For Recognition                                         ; Off                ; Off                ;
; Allow Any ROM Size For Recognition                                         ; Off                ; Off                ;
; Allow Any Shift Register Size For Recognition                              ; Off                ; Off                ;
; Use LogicLock Constraints during Resource Balancing                        ; On                 ; On                 ;
; Ignore translate_off and synthesis_off directives                          ; Off                ; Off                ;
; Timing-Driven Synthesis                                                    ; On                 ; On                 ;
; Report Parameter Settings                                                  ; On                 ; On                 ;
; Report Source Assignments                                                  ; On                 ; On                 ;
; Report Connectivity Checks                                                 ; On                 ; On                 ;
; Ignore Maximum Fan-Out Assignments                                         ; Off                ; Off                ;
; Synchronization Register Chain Length                                      ; 2                  ; 2                  ;
; Power Optimization During Synthesis                                        ; Normal compilation ; Normal compilation ;
; HDL message level                                                          ; Level2             ; Level2             ;
; Suppress Register Optimization Related Messages                            ; Off                ; Off                ;
; Number of Removed Registers Reported in Synthesis Report                   ; 5000               ; 5000               ;
; Number of Swept Nodes Reported in Synthesis Report                         ; 5000               ; 5000               ;
; Number of Inverted Registers Reported in Synthesis Report                  ; 100                ; 100                ;
; Clock MUX Protection                                                       ; On                 ; On                 ;
; Auto Gated Clock Conversion                                                ; Off                ; Off                ;
; Block Design Naming                                                        ; Auto               ; Auto               ;
; SDC constraint protection                                                  ; Off                ; Off                ;
; Synthesis Effort                                                           ; Auto               ; Auto               ;
; Shift Register Replacement - Allow Asynchronous Clear Signal               ; On                 ; On                 ;
; Pre-Mapping Resynthesis Optimization                                       ; Off                ; Off                ;
; Analysis & Synthesis Message Level                                         ; Medium             ; Medium             ;
; Disable Register Merging Across Hierarchies                                ; Auto               ; Auto               ;
; Resource Aware Inference For Block RAM                                     ; On                 ; On                 ;
+----------------------------------------------------------------------------+--------------------+--------------------+


+------------------------------------------+
; Parallel Compilation                     ;
+----------------------------+-------------+
; Processors                 ; Number      ;
+----------------------------+-------------+
; Number detected on machine ; 16          ;
; Maximum allowed            ; 16          ;
;                            ;             ;
; Average used               ; 1.00        ;
; Maximum used               ; 16          ;
;                            ;             ;
; Usage by Processor         ; % Time Used ;
;     Processor 1            ; 100.0%      ;
;     Processors 2-16        ;   0.0%      ;
+----------------------------+-------------+


+-------------------------------------------------------------------------------------------------------------------------------------------+
; Analysis & Synthesis Source Files Read                                                                                                    ;
+----------------------------------+-----------------+------------------------+---------------------------------------------------+---------+
; File Name with User-Entered Path ; Used in Netlist ; File Type              ; File Name with Absolute Path                      ; Library ;
+----------------------------------+-----------------+------------------------+---------------------------------------------------+---------+
; ClockDivider.v                   ; yes             ; User Verilog HDL File  ; D:/FPGATemp/1/ELEC2665S2Project/ClockDivider.v    ;         ;
; TimerCoreLogic.v                 ; yes             ; User Verilog HDL File  ; D:/FPGATemp/1/ELEC2665S2Project/TimerCoreLogic.v  ;         ;
; ProgramCounter.v                 ; yes             ; User Verilog HDL File  ; D:/FPGATemp/1/ELEC2665S2Project/ProgramCounter.v  ;         ;
; SevenSegEncoder.v                ; yes             ; User Verilog HDL File  ; D:/FPGATemp/1/ELEC2665S2Project/SevenSegEncoder.v ;         ;
; MainCode.v                       ; yes             ; User Verilog HDL File  ; D:/FPGATemp/1/ELEC2665S2Project/MainCode.v        ;         ;
; bin2bcd.v                        ; yes             ; User Verilog HDL File  ; D:/FPGATemp/1/ELEC2665S2Project/bin2bcd.v         ;         ;
; bcd_to_7seg.v                    ; yes             ; User Verilog HDL File  ; D:/FPGATemp/1/ELEC2665S2Project/bcd_to_7seg.v     ;         ;
+----------------------------------+-----------------+------------------------+---------------------------------------------------+---------+


+-----------------------------------------------------------+
; Analysis & Synthesis Resource Usage Summary               ;
+---------------------------------------------+-------------+
; Resource                                    ; Usage       ;
+---------------------------------------------+-------------+
; Estimated Total logic elements              ; 231         ;
;                                             ;             ;
; Total combinational functions               ; 231         ;
; Logic element usage by number of LUT inputs ;             ;
;     -- 4 input functions                    ; 111         ;
;     -- 3 input functions                    ; 21          ;
;     -- <=2 input functions                  ; 99          ;
;                                             ;             ;
; Logic elements by mode                      ;             ;
;     -- normal mode                          ; 156         ;
;     -- arithmetic mode                      ; 75          ;
;                                             ;             ;
; Total registers                             ; 61          ;
;     -- Dedicated logic registers            ; 61          ;
;     -- I/O registers                        ; 0           ;
;                                             ;             ;
; I/O pins                                    ; 33          ;
;                                             ;             ;
; Embedded Multiplier 9-bit elements          ; 0           ;
;                                             ;             ;
; Maximum fan-out node                        ; rst_n~input ;
; Maximum fan-out                             ; 61          ;
; Total fan-out                               ; 943         ;
; Average fan-out                             ; 2.63        ;
+---------------------------------------------+-------------+


+---------------------------------------------------------------------------------------------------------------------------------------------------------------------------------------------------------------------------------------------------------------------------------+
; Analysis & Synthesis Resource Utilization by Entity                                                                                                                                                                                                                             ;
+---------------------------------+---------------------+---------------------------+-------------+------------+--------------+---------+-----------+------+--------------+------------+---------------------------------------------------------+-----------------+--------------+
; Compilation Hierarchy Node      ; Combinational ALUTs ; Dedicated Logic Registers ; Memory Bits ; UFM Blocks ; DSP Elements ; DSP 9x9 ; DSP 18x18 ; Pins ; Virtual Pins ; ADC blocks ; Full Hierarchy Name                                     ; Entity Name     ; Library Name ;
+---------------------------------+---------------------+---------------------------+-------------+------------+--------------+---------+-----------+------+--------------+------------+---------------------------------------------------------+-----------------+--------------+
; |MainCode                       ; 231 (1)             ; 61 (0)                    ; 0           ; 0          ; 0            ; 0       ; 0         ; 33   ; 0            ; 0          ; |MainCode                                               ; MainCode        ; work         ;
;    |ClockDivider:u_clkdiv|      ; 78 (78)             ; 44 (44)                   ; 0           ; 0          ; 0            ; 0       ; 0         ; 0    ; 0            ; 0          ; |MainCode|ClockDivider:u_clkdiv                         ; ClockDivider    ; work         ;
;    |SevenSegEncoder:u_seg|      ; 119 (41)            ; 0 (0)                     ; 0           ; 0          ; 0            ; 0       ; 0         ; 0    ; 0            ; 0          ; |MainCode|SevenSegEncoder:u_seg                         ; SevenSegEncoder ; work         ;
;       |bcd_to_7seg:u_seg_min_h| ; 7 (7)               ; 0 (0)                     ; 0           ; 0          ; 0            ; 0       ; 0         ; 0    ; 0            ; 0          ; |MainCode|SevenSegEncoder:u_seg|bcd_to_7seg:u_seg_min_h ; bcd_to_7seg     ; work         ;
;       |bcd_to_7seg:u_seg_min_l| ; 7 (7)               ; 0 (0)                     ; 0           ; 0          ; 0            ; 0       ; 0         ; 0    ; 0            ; 0          ; |MainCode|SevenSegEncoder:u_seg|bcd_to_7seg:u_seg_min_l ; bcd_to_7seg     ; work         ;
;       |bcd_to_7seg:u_seg_sec_h| ; 7 (7)               ; 0 (0)                     ; 0           ; 0          ; 0            ; 0       ; 0         ; 0    ; 0            ; 0          ; |MainCode|SevenSegEncoder:u_seg|bcd_to_7seg:u_seg_sec_h ; bcd_to_7seg     ; work         ;
;       |bcd_to_7seg:u_seg_sec_l| ; 7 (7)               ; 0 (0)                     ; 0           ; 0          ; 0            ; 0       ; 0         ; 0    ; 0            ; 0          ; |MainCode|SevenSegEncoder:u_seg|bcd_to_7seg:u_seg_sec_l ; bcd_to_7seg     ; work         ;
;       |bin2bcd:u_b2b_min|       ; 25 (25)             ; 0 (0)                     ; 0           ; 0          ; 0            ; 0       ; 0         ; 0    ; 0            ; 0          ; |MainCode|SevenSegEncoder:u_seg|bin2bcd:u_b2b_min       ; bin2bcd         ; work         ;
;       |bin2bcd:u_b2b_sec|       ; 25 (25)             ; 0 (0)                     ; 0           ; 0          ; 0            ; 0       ; 0         ; 0    ; 0            ; 0          ; |MainCode|SevenSegEncoder:u_seg|bin2bcd:u_b2b_sec       ; bin2bcd         ; work         ;
;    |TimerCoreLogic:u_timer|     ; 33 (3)              ; 17 (1)                    ; 0           ; 0          ; 0            ; 0       ; 0         ; 0    ; 0            ; 0          ; |MainCode|TimerCoreLogic:u_timer                        ; TimerCoreLogic  ; work         ;
;       |ProgramCounter:pc_lsb|   ; 11 (11)             ; 8 (8)                     ; 0           ; 0          ; 0            ; 0       ; 0         ; 0    ; 0            ; 0          ; |MainCode|TimerCoreLogic:u_timer|ProgramCounter:pc_lsb  ; ProgramCounter  ; work         ;
;       |ProgramCounter:pc_msb|   ; 19 (19)             ; 8 (8)                     ; 0           ; 0          ; 0            ; 0       ; 0         ; 0    ; 0            ; 0          ; |MainCode|TimerCoreLogic:u_timer|ProgramCounter:pc_msb  ; ProgramCounter  ; work         ;
+---------------------------------+---------------------+---------------------------+-------------+------------+--------------+---------+-----------+------+--------------+------------+---------------------------------------------------------+-----------------+--------------+
Note: For table entries with two numbers listed, the numbers in parentheses indicate the number of resources of the given type used by the specific entity alone. The numbers listed outside of parentheses indicate the total resources of the given type used by the specific entity and all of its sub-entities in the hierarchy.


+----------------------------------------------------------------------------------------+
; Registers Removed During Synthesis                                                     ;
+---------------------------------------+------------------------------------------------+
; Register name                         ; Reason for Removal                             ;
+---------------------------------------+------------------------------------------------+
; ClockDivider:u_clkdiv|count_1[0]      ; Merged with ClockDivider:u_clkdiv|count_100[0] ;
; ClockDivider:u_clkdiv|count_1[1]      ; Merged with ClockDivider:u_clkdiv|count_100[1] ;
; Total Number of Removed Registers = 2 ;                                                ;
+---------------------------------------+------------------------------------------------+


+------------------------------------------------------+
; General Register Statistics                          ;
+----------------------------------------------+-------+
; Statistic                                    ; Value ;
+----------------------------------------------+-------+
; Total registers                              ; 61    ;
; Number of registers using Synchronous Clear  ; 0     ;
; Number of registers using Synchronous Load   ; 0     ;
; Number of registers using Asynchronous Clear ; 61    ;
; Number of registers using Asynchronous Load  ; 0     ;
; Number of registers using Clock Enable       ; 0     ;
; Number of registers using Preset             ; 0     ;
+----------------------------------------------+-------+


+----------------------------------------------------------------------------------------------------------------------------------------------------------------------------------+
; Multiplexer Restructuring Statistics (Restructuring Performed)                                                                                                                   ;
+--------------------+-----------+---------------+----------------------+------------------------+------------+--------------------------------------------------------------------+
; Multiplexer Inputs ; Bus Width ; Baseline Area ; Area if Restructured ; Saving if Restructured ; Registered ; Example Multiplexer Output                                         ;
+--------------------+-----------+---------------+----------------------+------------------------+------------+--------------------------------------------------------------------+
; 3:1                ; 8 bits    ; 16 LEs        ; 8 LEs                ; 8 LEs                  ; Yes        ; |MainCode|TimerCoreLogic:u_timer|ProgramCounter:pc_msb|PCoutput[0] ;
; 3:1                ; 8 bits    ; 16 LEs        ; 16 LEs               ; 0 LEs                  ; No         ; |MainCode|SevenSegEncoder:u_seg|show_bin_sec[0]                    ;
+--------------------+-----------+---------------+----------------------+------------------------+------------+--------------------------------------------------------------------+


+---------------------------------------------------------------------+
; Parameter Settings for User Entity Instance: TimerCoreLogic:u_timer ;
+----------------+----------+-----------------------------------------+
; Parameter Name ; Value    ; Type                                    ;
+----------------+----------+-----------------------------------------+
; RESET_VAL_LSB  ; 00000000 ; Unsigned Binary                         ;
; MAX_VAL_LSB    ; 01100011 ; Unsigned Binary                         ;
; RESET_VAL_MSB  ; 00000000 ; Unsigned Binary                         ;
; MAX_VAL_MSB    ; 01100011 ; Unsigned Binary                         ;
+----------------+----------+-----------------------------------------+
Note: In order to hide this table in the UI and the text report file, please set the "Show Parameter Settings in Synthesis Report" option in "Analysis and Synthesis Settings -> More Settings" to "Off".


+----------------------------------------------------+
; Port Connectivity Checks: "TimerCoreLogic:u_timer" ;
+-----------------+-------+----------+---------------+
; Port            ; Type  ; Severity ; Details       ;
+-----------------+-------+----------+---------------+
; ResetValLSB     ; Input ; Info     ; Stuck at GND  ;
; MaxValLSB[6..5] ; Input ; Info     ; Stuck at VCC  ;
; MaxValLSB[1..0] ; Input ; Info     ; Stuck at VCC  ;
; MaxValLSB[4..2] ; Input ; Info     ; Stuck at GND  ;
; MaxValLSB[7]    ; Input ; Info     ; Stuck at GND  ;
; ResetValMSB     ; Input ; Info     ; Stuck at GND  ;
; MaxValMSB[6..5] ; Input ; Info     ; Stuck at VCC  ;
; MaxValMSB[1..0] ; Input ; Info     ; Stuck at VCC  ;
; MaxValMSB[4..2] ; Input ; Info     ; Stuck at GND  ;
; MaxValMSB[7]    ; Input ; Info     ; Stuck at GND  ;
+-----------------+-------+----------+---------------+


+-----------------------------------------------------+
; Post-Synthesis Netlist Statistics for Top Partition ;
+-----------------------+-----------------------------+
; Type                  ; Count                       ;
+-----------------------+-----------------------------+
; boundary_port         ; 33                          ;
; cycloneiii_ff         ; 61                          ;
;     CLR               ; 61                          ;
; cycloneiii_lcell_comb ; 231                         ;
;     arith             ; 75                          ;
;         2 data inputs ; 72                          ;
;         3 data inputs ; 3                           ;
;     normal            ; 156                         ;
;         1 data inputs ; 7                           ;
;         2 data inputs ; 20                          ;
;         3 data inputs ; 18                          ;
;         4 data inputs ; 111                         ;
;                       ;                             ;
; Max LUT depth         ; 12.70                       ;
; Average LUT depth     ; 6.35                        ;
+-----------------------+-----------------------------+


+-------------------------------+
; Elapsed Time Per Partition    ;
+----------------+--------------+
; Partition Name ; Elapsed Time ;
+----------------+--------------+
; Top            ; 00:00:00     ;
+----------------+--------------+


+-------------------------------+
; Analysis & Synthesis Messages ;
+-------------------------------+
Info: *******************************************************************
Info: Running Quartus Prime Analysis & Synthesis
    Info: Version 17.1.0 Build 590 10/25/2017 SJ Lite Edition
    Info: Processing started: Wed May 14 02:08:01 2025
Info: Command: quartus_map --read_settings_files=on --write_settings_files=off ELEC2665S2Project -c ELEC2665S2Project
Warning (18236): Number of processors has not been specified which may cause overloading on shared machines.  Set the global assignment NUM_PARALLEL_PROCESSORS in your QSF to an appropriate value for best performance.
Info (20030): Parallel compilation is enabled and will use 16 of the 16 processors detected
Info (12021): Found 1 design units, including 1 entities, in source file clockdivider.v
    Info (12023): Found entity 1: ClockDivider File: D:/FPGATemp/1/ELEC2665S2Project/ClockDivider.v Line: 1
Info (12021): Found 1 design units, including 1 entities, in source file clockdivider_tb.v
    Info (12023): Found entity 1: ClockDivider_tb File: D:/FPGATemp/1/ELEC2665S2Project/ClockDivider_tb.v Line: 3
Info (12021): Found 1 design units, including 1 entities, in source file timercorelogic.v
    Info (12023): Found entity 1: TimerCoreLogic File: D:/FPGATemp/1/ELEC2665S2Project/TimerCoreLogic.v Line: 1
Info (12021): Found 1 design units, including 1 entities, in source file timercorelogic_tb.v
    Info (12023): Found entity 1: TimerCoreLogic_tb File: D:/FPGATemp/1/ELEC2665S2Project/TimerCoreLogic_tb.v Line: 3
Info (12021): Found 1 design units, including 1 entities, in source file programcounter.v
    Info (12023): Found entity 1: ProgramCounter File: D:/FPGATemp/1/ELEC2665S2Project/ProgramCounter.v Line: 1
Info (12021): Found 1 design units, including 1 entities, in source file programcounter_tb.v
    Info (12023): Found entity 1: ProgramCounter_tb File: D:/FPGATemp/1/ELEC2665S2Project/ProgramCounter_tb.v Line: 4
Info (12021): Found 1 design units, including 1 entities, in source file sevensegencoder.v
    Info (12023): Found entity 1: SevenSegEncoder File: D:/FPGATemp/1/ELEC2665S2Project/SevenSegEncoder.v Line: 1
Info (12021): Found 1 design units, including 1 entities, in source file sevensegencoder_tb.v
    Info (12023): Found entity 1: SevenSegEncoder_tb File: D:/FPGATemp/1/ELEC2665S2Project/SevenSegEncoder_tb.v Line: 3
Info (12021): Found 1 design units, including 1 entities, in source file maincode.v
    Info (12023): Found entity 1: MainCode File: D:/FPGATemp/1/ELEC2665S2Project/MainCode.v Line: 1
Info (12021): Found 1 design units, including 1 entities, in source file maincode_tb.v
    Info (12023): Found entity 1: MainCode_tb File: D:/FPGATemp/1/ELEC2665S2Project/MainCode_tb.v Line: 3
Info (12021): Found 1 design units, including 1 entities, in source file bin2bcd.v
    Info (12023): Found entity 1: bin2bcd File: D:/FPGATemp/1/ELEC2665S2Project/bin2bcd.v Line: 1
Info (12021): Found 1 design units, including 1 entities, in source file bin2bcd_tb.v
    Info (12023): Found entity 1: bin2bcd_tb File: D:/FPGATemp/1/ELEC2665S2Project/bin2bcd_tb.v Line: 3
Info (12021): Found 1 design units, including 1 entities, in source file bcd_to_7seg.v
    Info (12023): Found entity 1: bcd_to_7seg File: D:/FPGATemp/1/ELEC2665S2Project/bcd_to_7seg.v Line: 1
Info (12021): Found 1 design units, including 1 entities, in source file bcd_to_7seg_tb.v
    Info (12023): Found entity 1: bcd_to_7seg_tb File: D:/FPGATemp/1/ELEC2665S2Project/bcd_to_7seg_tb.v Line: 3
Info (12127): Elaborating entity "MainCode" for the top level hierarchy
Info (12128): Elaborating entity "ClockDivider" for hierarchy "ClockDivider:u_clkdiv" File: D:/FPGATemp/1/ELEC2665S2Project/MainCode.v Line: 23
Warning (10230): Verilog HDL assignment warning at ClockDivider.v(34): truncated value with size 32 to match size of target (18) File: D:/FPGATemp/1/ELEC2665S2Project/ClockDivider.v Line: 34
Warning (10230): Verilog HDL assignment warning at ClockDivider.v(44): truncated value with size 32 to match size of target (26) File: D:/FPGATemp/1/ELEC2665S2Project/ClockDivider.v Line: 44
Info (12128): Elaborating entity "TimerCoreLogic" for hierarchy "TimerCoreLogic:u_timer" File: D:/FPGATemp/1/ELEC2665S2Project/MainCode.v Line: 50
Info (12128): Elaborating entity "ProgramCounter" for hierarchy "TimerCoreLogic:u_timer|ProgramCounter:pc_lsb" File: D:/FPGATemp/1/ELEC2665S2Project/TimerCoreLogic.v Line: 43
Warning (10230): Verilog HDL assignment warning at ProgramCounter.v(26): truncated value with size 32 to match size of target (8) File: D:/FPGATemp/1/ELEC2665S2Project/ProgramCounter.v Line: 26
Info (12128): Elaborating entity "SevenSegEncoder" for hierarchy "SevenSegEncoder:u_seg" File: D:/FPGATemp/1/ELEC2665S2Project/MainCode.v Line: 62
Info (12128): Elaborating entity "bin2bcd" for hierarchy "SevenSegEncoder:u_seg|bin2bcd:u_b2b_min" File: D:/FPGATemp/1/ELEC2665S2Project/SevenSegEncoder.v Line: 36
Info (12128): Elaborating entity "bcd_to_7seg" for hierarchy "SevenSegEncoder:u_seg|bcd_to_7seg:u_seg_min_h" File: D:/FPGATemp/1/ELEC2665S2Project/SevenSegEncoder.v Line: 46
Warning (19016): Clock multiplexers are found and protected
    Warning (19017): Found clock multiplexer select_clk File: D:/FPGATemp/1/ELEC2665S2Project/MainCode.v Line: 27
Info (286030): Timing-Driven Synthesis is running
Info (16010): Generating hard_block partition "hard_block:auto_generated_inst"
    Info (16011): Adding 0 node(s), including 0 DDIO, 0 PLL, 0 transceiver and 0 LCELL
Info (21057): Implemented 264 device resources after synthesis - the final resource count might be different
    Info (21058): Implemented 4 input pins
    Info (21059): Implemented 29 output pins
    Info (21061): Implemented 231 logic cells
Info: Quartus Prime Analysis & Synthesis was successful. 0 errors, 6 warnings
    Info: Peak virtual memory: 4843 megabytes
    Info: Processing ended: Wed May 14 02:08:08 2025
    Info: Elapsed time: 00:00:07
    Info: Total CPU time (on all processors): 00:00:14


